[maranaw.com/index.html]
[backblue.gif]
[fade.gif]
[index.html]
[tafsir.maranaw.com/images/og-image.jpg]
[tafsir.maranaw.com/index.html]
[maranaw.com/images/favicon.png]
[maranaw.com/index-2.html]
[maranaw.com/about.html]
[maranaw.com/images/logo-64x64.png]
[maranaw.com/home.html]
[maranaw.com/search.html]
[drive.google.com/file/d/1lV7Fz8tb_4Bj7Zao1-uzdRH_OsSxm0KV/view.html]
[maranaw.com/index.html]
[maranaw.com/myquran/index.html]
[tafsir.maranaw.com/images/favicon.png]
[tafsir.maranaw.com/images/logo-64x64.png]
[tafsir.maranaw.com/index.html]
[maranaw.com/style_landing.css]
[maranaw.com/responsive.css]
[maranaw.com/index-2.html]
[maranaw.com/about.html]
[maranaw.com/suraheab9.html]
[maranaw.com/surah1af5.html]
[maranaw.com/surah7661.html]
[maranaw.com/surah463a.html]
[maranaw.com/surah672c.html]
[maranaw.com/surahda24.html]
[maranaw.com/surah805b.html]
[maranaw.com/surah3127.html]
[maranaw.com/surah88e2.html]
[maranaw.com/surah03d7.html]
[maranaw.com/surahf8f6.html]
[maranaw.com/surah202e.html]
[maranaw.com/surah14df.html]
[maranaw.com/surah5a61.html]
[maranaw.com/surah39e1.html]
[maranaw.com/surah80c4.html]
[maranaw.com/surah5c86.html]
[maranaw.com/surahdc90.html]
[maranaw.com/surah4bd0.html]
[maranaw.com/surahda3e.html]
[maranaw.com/surah3229.html]
[maranaw.com/surahac70.html]
[maranaw.com/surah710c.html]
[maranaw.com/surah2122.html]
[maranaw.com/surahc6b5.html]
[maranaw.com/surah9fef.html]
[maranaw.com/surah879d.html]
[maranaw.com/surah5836.html]
[maranaw.com/surahf237.html]
[maranaw.com/surah130a.html]
[maranaw.com/surah85d2.html]
[maranaw.com/surah088d.html]
[maranaw.com/surah0e77.html]
[maranaw.com/surah6c3e.html]
[maranaw.com/surahb100.html]
[maranaw.com/surah707b.html]
[maranaw.com/surah7ce0.html]
[maranaw.com/suraha1d8.html]
[maranaw.com/surah3ee6.html]
[maranaw.com/surahd7f5.html]
[maranaw.com/surahd2d2.html]
[maranaw.com/surahd693.html]
[maranaw.com/suraha22b.html]
[maranaw.com/surahc4e3.html]
[maranaw.com/surah4fe3.html]
[maranaw.com/surah44d6.html]
[maranaw.com/surah0e3b.html]
[maranaw.com/surahab8f.html]
[maranaw.com/suraha595.html]
[maranaw.com/surah8af0.html]
[maranaw.com/surah4ac8.html]
[maranaw.com/suraha688.html]
[maranaw.com/surah9561.html]
[maranaw.com/surah7070.html]
[maranaw.com/surah3e09.html]
[maranaw.com/surah5adc.html]
[maranaw.com/surah3a03.html]
[maranaw.com/surah70de.html]
[maranaw.com/surah3a41.html]
[maranaw.com/surahfddc.html]
[maranaw.com/surahf36b.html]
[maranaw.com/surah7bfd.html]
[maranaw.com/suraha442.html]
[maranaw.com/surah42cf.html]
[maranaw.com/surahd8f1.html]
[maranaw.com/surah4dcd.html]
[maranaw.com/surahe1aa.html]
[maranaw.com/surah5961.html]
[maranaw.com/surah07c1.html]
[maranaw.com/surahd086.html]
[maranaw.com/surah3db4.html]
[maranaw.com/surah8e40.html]
[maranaw.com/surah156e.html]
[maranaw.com/surah30cb.html]
[maranaw.com/surah9d85.html]
[maranaw.com/surahfc57.html]
[maranaw.com/surah0c76.html]
[maranaw.com/surah6af1.html]
[maranaw.com/surah2da0.html]
[maranaw.com/surah32b8.html]
[maranaw.com/surah9d68.html]
[maranaw.com/surahc51e.html]
[maranaw.com/surah08ff.html]
[maranaw.com/surahdb59.html]
[maranaw.com/surah8429.html]
[maranaw.com/surah21f1.html]
[maranaw.com/surah9037.html]
[maranaw.com/surah850b.html]
[maranaw.com/surahb589.html]
[maranaw.com/surah08e7.html]
[maranaw.com/surahe1ff.html]
[maranaw.com/surahc5df.html]
[maranaw.com/surah6c58.html]
[maranaw.com/surahef35.html]
[maranaw.com/surahee08.html]
[maranaw.com/surahf18e.html]
[maranaw.com/surah6a66.html]
[maranaw.com/surah89c6.html]
[maranaw.com/surah485c.html]
[maranaw.com/surah2c23.html]
[maranaw.com/surahb426.html]
[maranaw.com/surah0f3e.html]
[maranaw.com/surah3f56.html]
[maranaw.com/surahe2f7.html]
[maranaw.com/surah05cd.html]
[maranaw.com/surahcfcd.html]
[maranaw.com/surah6291.html]
[maranaw.com/surah8a2c.html]
[maranaw.com/surah3b76.html]
[maranaw.com/surah4ce8.html]
[maranaw.com/surah2d83.html]
[maranaw.com/surahd566.html]
[maranaw.com/surah8225.html]
[maranaw.com/home.html]
[maranaw.com/surah47ce.html]
[maranaw.com/favorites.html]
[maranaw.com/api/surah5445.json]
[maranaw.com/api/search03d2.json]
[maranaw.com/search.html]
[www.facebook.com/share_channel/indexa088.html]
[drive.google.com/drive-viewer/Maranao Tafsir_14Oct2025.pdf.webp]
[ssl.gstatic.com/images/branding/product/1x/drive_2020q4_32dp.png]
[fonts.gstatic.com/s/roboto/v48/KFOKCnqEu92Fr1Mu53ZEC9_Vu3r1gIhOszmOClHrs6ljXfMMLoHQuAj-lg.ttf]
[accounts.google.com/ServiceLogin.8daaab.delayed]
[drive.google.com/file/d/1lV7Fz8tb_4Bj7Zao1-uzdRH_OsSxm0KV/Maranao Tafsir_14Oct2025.8e.delayed]
[workspace.google.com/index.html]
[drive.google.com/drive-viewer/Maranao Tafsir_14Oct2025.pdf.png]
[drive.google.com/viewerng/upload.905227.delayed]
[drive.usercontent.google.com/uc.91b80b.delayed]
[drive.google.com/file/d/1lV7Fz8tb_4Bj7Zao1-uzdRH_OsSxm0KV/gci_91f30755d6a6b787dcc2a4062e6e9824.92.delayed]
[ogads-pa.clients6.google.com/index.html]
[drive.google.com/file/d/1lV7Fz8tb_4Bj7Zao1-uzdRH_OsSxm0KV/Edg/index.html]
[accounts.google.com/InteractiveLogin.94dec8.delayed]
[accounts.google.com/v3/signin/identifier3d6c.html]
[www.gstatic.com/_/apps-fileview/_/js/k=apps-fileview.v.fil.-0m5xFPerJg.O/am=ACAY/d=1/rs=AO0039sA2e55aKvCIbgK0KvrEbPssmBmSw/m=v,wb7979]
[drive.google.com/file/d/1lV7Fz8tb_4Bj7Zao1-uzdRH_OsSxm0KV/view.html]
[maranaw.com/myquran/images/logo_512.png]
[maranaw.com/myquran/images/logo_32.png]
[maranaw.com/myquran/images/logo_128.png]
[maranaw.com/myquran/images/logo_256.png]
[asharytamano.github.io/myQuran/privacy-policy.html]
[maranaw.com/myquran/images/01-Splash-Page.jpg]
[maranaw.com/myquran/images/02-Landing-Page.jpg]
[maranaw.com/myquran/images/03-Surah-List.jpg]
[maranaw.com/myquran/images/04-Playing-an-Ayah.jpg]
[maranaw.com/myquran/images/05-Bookmarks.jpg]
[maranaw.com/myquran/images/06-Reciters-and-Audio.jpg]
[maranaw.com/myquran/images/07-Help-and-How-to-Use.jpg]
[maranaw.com/myquran/images/08-About-this-App.jpg]
[maranaw.com/myquran/index.html]
[tafsir.maranaw.com/style_landing.css]
[tafsir.maranaw.com/responsive.css]
[maranaw.com/suraheab9.html]
[maranaw.com/surah1af5.html]
[maranaw.com/surah7661.html]
[maranaw.com/surah672c.html]
[maranaw.com/surah463a.html]
[maranaw.com/surahda24.html]
[maranaw.com/surah805b.html]
[maranaw.com/surah3127.html]
[maranaw.com/surah88e2.html]
[maranaw.com/surah03d7.html]
[maranaw.com/surahf8f6.html]
[maranaw.com/surah202e.html]
[maranaw.com/surah14df.html]
[maranaw.com/surah5a61.html]
[maranaw.com/surah39e1.html]
[maranaw.com/surah80c4.html]
[maranaw.com/surah5c86.html]
[maranaw.com/surahdc90.html]
[maranaw.com/surah4bd0.html]
[maranaw.com/surahda3e.html]
[maranaw.com/surah3229.html]
[maranaw.com/surahac70.html]
[maranaw.com/surah710c.html]
[maranaw.com/surah2122.html]
[maranaw.com/surahc6b5.html]
[maranaw.com/surah9fef.html]
[maranaw.com/surah879d.html]
[maranaw.com/surah5836.html]
[maranaw.com/surahf237.html]
[maranaw.com/surah130a.html]
[maranaw.com/surah85d2.html]
[maranaw.com/surah088d.html]
[maranaw.com/surah0e77.html]
[maranaw.com/surah6c3e.html]
[maranaw.com/surahb100.html]
[maranaw.com/surah707b.html]
[maranaw.com/surah7ce0.html]
[maranaw.com/suraha1d8.html]
[maranaw.com/surah3ee6.html]
[maranaw.com/surahd7f5.html]
[maranaw.com/surahd2d2.html]
[maranaw.com/surahd693.html]
[maranaw.com/suraha22b.html]
[maranaw.com/surahc4e3.html]
[maranaw.com/surah4fe3.html]
[maranaw.com/surah44d6.html]
[maranaw.com/surah0e3b.html]
[maranaw.com/surahab8f.html]
[maranaw.com/suraha595.html]
[maranaw.com/surah8af0.html]
[maranaw.com/surah4ac8.html]
[maranaw.com/suraha688.html]
[maranaw.com/surah9561.html]
[maranaw.com/surah7070.html]
[maranaw.com/surah3e09.html]
[maranaw.com/surah5adc.html]
[maranaw.com/surah3a03.html]
[maranaw.com/surah70de.html]
[maranaw.com/surah3a41.html]
[maranaw.com/surahfddc.html]
[maranaw.com/surahf36b.html]
[maranaw.com/surah7bfd.html]
[maranaw.com/suraha442.html]
[maranaw.com/surah42cf.html]
[maranaw.com/surahd8f1.html]
[maranaw.com/surah4dcd.html]
[maranaw.com/surahe1aa.html]
[maranaw.com/surah5961.html]
[maranaw.com/surah07c1.html]
[maranaw.com/surahd086.html]
[maranaw.com/surah3db4.html]
[maranaw.com/surah8e40.html]
[maranaw.com/surah156e.html]
[maranaw.com/surah30cb.html]
[maranaw.com/surah9d85.html]
[maranaw.com/surahfc57.html]
[maranaw.com/surah0c76.html]
[maranaw.com/surah6af1.html]
[maranaw.com/surah2da0.html]
[maranaw.com/surah32b8.html]
[maranaw.com/surah9d68.html]
[maranaw.com/surahc51e.html]
[maranaw.com/surah08ff.html]
[maranaw.com/surahdb59.html]
[maranaw.com/surah8429.html]
[maranaw.com/surah21f1.html]
[maranaw.com/surah9037.html]
[maranaw.com/surah850b.html]
[maranaw.com/surahb589.html]
[maranaw.com/surah08e7.html]
[maranaw.com/surahe1ff.html]
[maranaw.com/surahc5df.html]
[maranaw.com/surah6c58.html]
[maranaw.com/surahef35.html]
[maranaw.com/surahee08.html]
[maranaw.com/surahf18e.html]
[maranaw.com/surah6a66.html]
[maranaw.com/surah89c6.html]
[maranaw.com/surah485c.html]
[maranaw.com/surah2c23.html]
[maranaw.com/surahb426.html]
[maranaw.com/surah0f3e.html]
[maranaw.com/surah3f56.html]
[maranaw.com/surahe2f7.html]
[maranaw.com/surah05cd.html]
[maranaw.com/surahcfcd.html]
[maranaw.com/surah6291.html]
[maranaw.com/surah8a2c.html]
[maranaw.com/surah3b76.html]
[maranaw.com/surah4ce8.html]
[maranaw.com/surah2d83.html]
[maranaw.com/surahd566.html]
[maranaw.com/surah8225.html]
[maranaw.com/surah47ce.html]
[maranaw.com/favorites.html]
[fonts.googleapis.com/css27703.css]
[maranaw.com/api/surahs.php]
[static.xx.fbcdn.net/rsrc.php/yB/r/2sFJRNmJ5OP.ico]
[static.xx.fbcdn.net/rsrc.php/v5/yQ/l/0,cross/3kHAiYOdcK2.css]
[www.facebook.com/data/manifest/index1e5b.html]
[static.xx.fbcdn.net/rsrc.php/v5/yV/l/0,cross/OGifD_1PpQk.css]
[static.xx.fbcdn.net/rsrc.php/v5/yS/l/0,cross/A6Nhutmcqi3.css]
[static.xx.fbcdn.net/rsrc.php/v5/yr/l/0,cross/woglcBwKUFh.css]
[static.xx.fbcdn.net/rsrc.php/v5/yV/l/0,cross/0oC1_gcsC4M.css]
[static.xx.fbcdn.net/rsrc.php/v5/yo/l/0,cross/dz59Lk5kFxe.css]
[static.xx.fbcdn.net/rsrc.php/v4/yo/r/8WyPp1IYKo-.js]
[www.facebook.com/share_channel/indexa088.html]
[static.xx.fbcdn.net/rsrc.php/v4/yM/r/zy7Q2l5DQ6Z.js]
[www.gstatic.com/_/apps-fileview/_/ss/k=apps-fileview.v.JjKMaWAhn2o.L.X.O/am=ACAY/d=0/rs=AO0039uH2cp3hGSCYOEmKY2D6uIPbJcfPw.css]
[fonts.googleapis.com/css236fb.css]
[clients6.google.com/index.html]
[accounts.google.com/ServiceLogin.b0347f.delayed]
[drive.google.com/index.html]
[accounts.google.com/ServiceLoginaaab.html]
[docs.google.com/index.html]
[blobcomments-pa.clients6.google.com/index.html]
[people-pa.googleapis.com/index.html]
[www.gstatic.com/images/branding/googleg_gradient/1x/googleg_gradient_standard_20dp.png]
[workspace.google.com/intl/en_ph/index.html]
[fonts.googleapis.com/index.html]
[workspace.google.com/intl/en_id/index.html]
[workspace.google.com/intl/en_ca/index.html]
[workspace.google.com/intl/en_au/index.html]
[storage.googleapis.com/gweb-workspace-assets/uploads/7uffzv9dk4sn-6KrZihieUk0j0rYZgHcqvS-a495e5b1221f776c64ead6500a8f3499-Homepage_Redesign_Hero_Lottie_Desktop.json]
[workspace.google.com/intl/en_my/index.html]
[workspace.google.com/intl/en_ie/index.html]
[workspace.google.com/intl/en_nz/index.html]
[lh3.googleusercontent.com/unnamed.webp]
[workspace.google.com/intl/en_in/index.html]
[workspace.google.com/intl/en_sg/index.html]
[storage.googleapis.com/gweb-workspace-assets/uploads/7uffzv9dk4sn-1kelX42fLyoysM0REiMVr1-9f712b811cd3926cfe7e157dfff6497c-Homepage_Redesign_Hero_Lottie_Tablet.json]
[workspace.google.com/intl/en_uk/index.html]
[workspace.google.com/intl/en_za/index.html]
[lh3.googleusercontent.com/unnamed-2.webp]
[workspace.google.com/intl/da/index.html]
[workspace.google.com/intl/ja/index.html]
[workspace.google.com/intl/es-419/index.html]
[storage.googleapis.com/gweb-workspace-assets/uploads/7uffzv9dk4sn-6wdBOt2GWUqTBi4sx4bsP6-6ebadbfb8abdc4e85b1c7ab53941abdc-Homepage_Redesign_Hero_Lottie_Mobile.json]
[workspace.google.com/intl/es-419_ar/index.html]
[workspace.google.com/intl/de_ch/index.html]
[workspace.google.com/intl/de/index.html]
[lh3.googleusercontent.com/unnamed-3.webp]
[workspace.google.com/intl/es-419_mx/index.html]
[lh3.googleusercontent.com/unnamed-4.webp]
[workspace.google.com/intl/es-419_us/index.html]
[lh3.googleusercontent.com/unnamed-5.webp]
[workspace.google.com/intl/es/index.html]
[workspace.google.com/intl/fi/index.html]
[lh3.googleusercontent.com/unnamed-6.webp]
[workspace.google.com/intl/fr/index.html]
[workspace.google.com/intl/fr_ch/index.html]
[workspace.google.com/intl/fr_ca/index.html]
[lh3.googleusercontent.com/unnamed-7.webp]
[workspace.google.com/intl/id/index.html]
[workspace.google.com/intl/hu/index.html]
[workspace.google.com/intl/it/index.html]
[workspace.google.com/intl/iw/index.html]
[lh3.googleusercontent.com/unnamed-8.webp]
[workspace.google.com/intl/zh-TW/index.html]
[workspace.google.com/intl/zh-HK/index.html]
[workspace.google.com/intl/zh-CN/index.html]
[workspace.google.com/intl/uk/index.html]
[lh3.googleusercontent.com/unnamed-9.webp]
[workspace.google.com/intl/tr/index.html]
[workspace.google.com/intl/sv/index.html]
[workspace.google.com/intl/vi/index.html]
[workspace.google.com/intl/th/index.html]
[workspace.google.com/intl/ko/index.html]
[lh3.googleusercontent.com/unnamed-10.webp]
[workspace.google.com/intl/ru/index.html]
[workspace.google.com/intl/nl/index.html]
[lh3.googleusercontent.com/unnamed-11.webp]
[workspace.google.com/intl/no/index.html]
[workspace.google.com/intl/pt-BR/index.html]
[workspace.google.com/intl/pl/index.html]
[workspace.google.com/intl/pt-PT/index.html]
[lh3.googleusercontent.com/unnamed-12.webp]
[workspace.google.com/intl/cs/index.html]
[workspace.google.com/intl/ar/index.html]
[workspace.google.com/intl/ar_eg/index.html]
[lh3.googleusercontent.com/unnamed-13.webp]
[lh3.googleusercontent.com/unnamed-14.webp]
[lh3.googleusercontent.com/unnamed-15.webp]
[lh3.googleusercontent.com/unnamed-16.webp]
[lh3.googleusercontent.com/unnamed-17.webp]
[lh3.googleusercontent.com/unnamed-18.webp]
[lh3.googleusercontent.com/unnamed-19.webp]
[lh3.googleusercontent.com/unnamed-20.webp]
[lh3.googleusercontent.com/unnamed-21.webp]
[lh3.googleusercontent.com/unnamed-22.webp]
[lh3.googleusercontent.com/unnamed-23.webp]
[lh3.googleusercontent.com/unnamed-24.webp]
[lh3.googleusercontent.com/unnamed-25.webp]
[www.gstatic.com/images/branding/productlogos/gmail_2020q4/v11/192px.svg]
[www.gstatic.com/images/branding/productlogos/drive_2020q4/v10/192px.svg]
[www.gstatic.com/images/branding/productlogos/meet_2020q4/v8/192px.svg]
[www.gstatic.com/images/branding/productlogos/chat_2023q4/v2/192px.svg]
[www.gstatic.com/images/branding/productlogos/calendar_2020q4/v13/192px.svg]
[www.gstatic.com/images/branding/productlogos/tasks/v10/192px.svg]
[www.gstatic.com/images/branding/productlogos/docs_2020q4/v12/192px.svg]
[www.gstatic.com/images/branding/productlogos/sheets_2020q4/v11/192px.svg]
[www.gstatic.com/images/branding/productlogos/slides_2020q4/v12/192px.svg]
[www.gstatic.com/images/branding/productlogos/forms_2020q4/v6/192px.svg]
[www.gstatic.com/images/branding/productlogos/sites_2020q4/v6/192px.svg]
[www.gstatic.com/images/branding/productlogos/gemini_2025/v1/web-96dp/logo_gemini_2025_color_2x_web_96dp.png]
[www.gstatic.com/images/branding/productlogos/notebooklm/v1/192px.svg]
[www.gstatic.com/images/branding/productlogos/vids/v1/192px.svg]
[www.gstatic.com/images/branding/productlogos/keep_2020q4/v8/192px.svg]
[www.gstatic.com/images/branding/productlogos/appsheet/v5/192px.svg]
[lh3.googleusercontent.com/unnamed-26.webp]
[lh3.googleusercontent.com/unnamed-27.webp]
[lh3.googleusercontent.com/unnamed-28.webp]
[lh3.googleusercontent.com/unnamed-29.webp]
[lh3.googleusercontent.com/unnamed-30.webp]
[lh3.googleusercontent.com/unnamed-31.webp]
[workspace.google.com/lp/static/images/social-x9ca8.svg]
[workspace.google.com/lp/static/images/social-youtube612b.svg]
[workspace.google.com/lp/static/images/social-linkedin1263.svg]
[workspace.google.com/lp/static/images/social-instagram4f75.svg]
[workspace.google.com/lp/static/images/social-facebookbb45.svg]
[workspace.google.com/lp/static/images/social-tiktokf57f.svg]
[workspace.google.com/lp/static/images/logo-google7661.svg]
[workspace.google.com/index.html]
[workspace.google.com/lp/static/images/languagee2fc.svg]
[drivemetadata.clients6.google.com/index.html]
[workspaceui-pa.clients6.google.com/index.html]
[drive.google.com/file/d/1lV7Fz8tb_4Bj7Zao1-uzdRH_OsSxm0KV/Maranao Tafsir_14Oct2025.html]
[drive.google.com/viewerng/upload5227.html]
[drive.usercontent.google.com/ucb80b.html]
[drive.google.com/file/d/1lV7Fz8tb_4Bj7Zao1-uzdRH_OsSxm0KV/gci_91f30755d6a6b787dcc2a4062e6e9824.html]
[apis.google.com/index.html]
[ogads-pa.clients6.google.com/index.html]
[drive.google.com/file/d/1lV7Fz8tb_4Bj7Zao1-uzdRH_OsSxm0KV/Edg/index.html]
[ssl.gstatic.com/images/branding/googlelogo/2x/googlelogo_color_74x24dp.png]
[accounts.google.com/v3/signin/identifier3d6c.html]
[asharytamano.github.io/myQuran/privacy-policy.html]
[maranaw.com/style.html]
[maranaw.com/surah.css]
[fonts.googleapis.com/css2f281.css]
[maranaw.com/contact.html]
[static.xx.fbcdn.net/rsrc.php/v5/yQ/l/0,cross/3kHAiYOdcK2.css]
[static.xx.fbcdn.net/rsrc.php/v5/yV/l/0,cross/OGifD_1PpQk.css]
[static.xx.fbcdn.net/rsrc.php/v5/yS/l/0,cross/A6Nhutmcqi3.css]
[static.xx.fbcdn.net/rsrc.php/v5/yr/l/0,cross/woglcBwKUFh.css]
[static.xx.fbcdn.net/rsrc.php/v5/yV/l/0,cross/0oC1_gcsC4M.css]
[static.xx.fbcdn.net/rsrc.php/v5/yo/l/0,cross/dz59Lk5kFxe.css]
[static.xx.fbcdn.net/rsrc.php/v4/yo/r/8WyPp1IYKo-.js]
[static.xx.fbcdn.net/rsrc.php/v4/yM/r/zy7Q2l5DQ6Z.js]
[accounts.google.com/ServiceLogin347f.html]
[workspace.google.com/intl/en_ph/index.html]
[fonts.gstatic.com/index.html]
[fonts.googleapis.com/index.html]
[fonts.googleapis.com/css239d.css]
[workspace.google.com/intl/en_au/index.html]
[workspace.google.com/intl/en_ca/index.html]
[workspace.google.com/intl/en_id/index.html]
[workspace.google.com/intl/en_ie/index.html]
[workspace.google.com/intl/en_my/index.html]
[workspace.google.com/intl/en_nz/index.html]
[workspace.google.com/intl/en_in/index.html]
[workspace.google.com/intl/en_sg/index.html]
[workspace.google.com/intl/en_uk/index.html]
[workspace.google.com/intl/en_za/index.html]
[workspace.google.com/intl/es-419/index.html]
[workspace.google.com/intl/ja/index.html]
[workspace.google.com/intl/da/index.html]
[workspace.google.com/intl/de/index.html]
[workspace.google.com/intl/de_ch/index.html]
[workspace.google.com/intl/es-419_ar/index.html]
[workspace.google.com/intl/es-419_mx/index.html]
[workspace.google.com/intl/es-419_us/index.html]
[workspace.google.com/intl/es/index.html]
[workspace.google.com/intl/fi/index.html]
[workspace.google.com/intl/fr/index.html]
[workspace.google.com/intl/fr_ca/index.html]
[workspace.google.com/intl/fr_ch/index.html]
[workspace.google.com/intl/hu/index.html]
[workspace.google.com/intl/id/index.html]
[workspace.google.com/intl/it/index.html]
[workspace.google.com/intl/iw/index.html]
[workspace.google.com/intl/zh-TW/index.html]
[workspace.google.com/intl/zh-HK/index.html]
[workspace.google.com/intl/zh-CN/index.html]
[workspace.google.com/intl/uk/index.html]
[workspace.google.com/intl/vi/index.html]
[workspace.google.com/intl/tr/index.html]
[workspace.google.com/intl/sv/index.html]
[workspace.google.com/intl/th/index.html]
[workspace.google.com/intl/ru/index.html]
[workspace.google.com/intl/ko/index.html]
[workspace.google.com/intl/nl/index.html]
[workspace.google.com/intl/no/index.html]
[workspace.google.com/intl/pl/index.html]
[workspace.google.com/intl/pt-BR/index.html]
[workspace.google.com/intl/pt-PT/index.html]
[workspace.google.com/intl/cs/index.html]
[workspace.google.com/intl/ar_eg/index.html]
[workspace.google.com/intl/ar/index.html]
[www.gstatic.com/glue/cookienotificationbar/cookienotificationbar.min.css]
[storage.googleapis.com/gweb-workspace-assets/uploads/7uffzv9dk4sn-2ANudyZddMUfBdOX8YWDbe-8da52413e8fe627a74e653f02de3e001-Gmail.svg]
[storage.googleapis.com/gweb-workspace-assets/uploads/7uffzv9dk4sn-5vpQB2K0YvRmhhHdugJCKQ-0383ee28f68934b5d6068b1d55101a1d-Calendar.svg]
[storage.googleapis.com/gweb-workspace-assets/uploads/7uffzv9dk4sn-5KE4ubnXAquvTultKwzQbn-3366b7a2287403b0a5d41174bf94ee62-Docs.svg]
[storage.googleapis.com/gweb-workspace-assets/uploads/7uffzv9dk4sn-1KbT9L31lhdBsX9ePVoBy9-1056794c9f46e927ed3790c9f4341f4b-Drive.svg]
[storage.googleapis.com/gweb-workspace-assets/uploads/7uffzv9dk4sn-7DGlDaxHMDNkZ4FFvC8weI-706204003ec5a1470c2b195befa63f2c-Meet.svg]
[storage.googleapis.com/gweb-workspace-assets/uploads/7uffzv9dk4sn-P1K7qHcFALYDVzVzvES0k-22539c59700c37e426329a3e82806223-TemplateTileSimple_GShield.svg]
[workspace.google.com/assets/426a67ed.css]
[workspace.google.com/assets/0d962dee.css]
[workspace.google.com/assets/17867a00.css]
[workspace.google.com/assets/2bbaf8c6.css]
[workspace.google.com/assets/b640cb67.css]
[workspace.google.com/assets/802d167c.css]
[workspace.google.com/assets/f261be23.css]
[www.gstatic.com/images/branding/productlogos/gmail_2020q4/v11/192px.svg]
[www.gstatic.com/images/branding/productlogos/drive_2020q4/v10/192px.svg]
[www.gstatic.com/images/branding/productlogos/meet_2020q4/v8/192px.svg]
[www.gstatic.com/images/branding/productlogos/chat_2023q4/v2/192px.svg]
[www.gstatic.com/images/branding/productlogos/calendar_2020q4/v13/192px.svg]
[www.gstatic.com/images/branding/productlogos/tasks/v10/192px.svg]
[www.gstatic.com/images/branding/productlogos/docs_2020q4/v12/192px.svg]
[www.gstatic.com/images/branding/productlogos/sheets_2020q4/v11/192px.svg]
[www.gstatic.com/images/branding/productlogos/slides_2020q4/v12/192px.svg]
[www.gstatic.com/images/branding/productlogos/forms_2020q4/v6/192px.svg]
[www.gstatic.com/images/branding/productlogos/sites_2020q4/v6/192px.svg]
[www.gstatic.com/images/branding/productlogos/notebooklm/v1/192px.svg]
[www.gstatic.com/images/branding/productlogos/vids/v1/192px.svg]
[www.gstatic.com/images/branding/productlogos/keep_2020q4/v8/192px.svg]
[www.gstatic.com/images/branding/productlogos/appsheet/v5/192px.svg]
[storage.googleapis.com/gweb-workspace-assets/uploads/7uffzv9dk4sn-6O0dI4soc3LQQEyj4DiZ6S-ebf907b2be889704696c0852c4ff6e35-Tabs_Drive_Icon.svg]
[storage.googleapis.com/gweb-workspace-assets/uploads/7uffzv9dk4sn-5ZoOLBGTbjapAqSyK3El4s-907e5edfdd3f2908efc39632dfaeb6b5-Light_BG.svg]
[storage.googleapis.com/gweb-workspace-assets/uploads/7uffzv9dk4sn-66OHs6Ukr9RkM8ox0APUor-1a751a551f88a1fe787ffa41530dbc0b-Draft_and_proofread_icon.svg]
[storage.googleapis.com/gweb-workspace-assets/uploads/7uffzv9dk4sn-4GdU7nipLe4JudJKMS31WM-eb69906cc4ff1c9d7bf1572d55f0ead1-Gmail.svg]
[storage.googleapis.com/gweb-workspace-assets/uploads/7uffzv9dk4sn-3ef6lOhrJaaJlLSqmbt0pm-4fc07424930960a04c6618c17287be22-NotebookLM.svg]
[storage.googleapis.com/gweb-workspace-assets/uploads/7uffzv9dk4sn-12u8F33yMpGrJ47b1JYGhI-736f5142ccb97caf0bd51159e678952c-Google_Workspace_Product_5-Icon_Lockup.svg]
[workspace.google.com/lp/static/images/social-x9ca8.svg]
[workspace.google.com/lp/static/images/social-youtube612b.svg]
[workspace.google.com/lp/static/images/social-linkedin1263.svg]
[workspace.google.com/lp/static/images/social-instagram4f75.svg]
[workspace.google.com/lp/static/images/social-facebookbb45.svg]
[workspace.google.com/lp/static/images/social-tiktokf57f.svg]
[workspace.google.com/lp/static/images/logo-google7661.svg]
[workspace.google.com/lp/static/images/languagee2fc.svg]
[www.gstatic.com/index.html]
